This is pdfTeX, Version 3.141592653-2.6-1.40.29 (MiKTeX 26.5) (preloaded format=pdflatex 2026.9.3)  7 SEP 2026 14:08
entering extended mode
 restricted \write18 enabled.
 file:line:error style messages enabled.
 %&-line parsing enabled.
**"d:/edHil ╝/Intern/Home_code/open-clinical-record/open-clinical-record/docs/03-requirements/srs/srs.tex"
(d:/edHil ╝/Intern/Home_code/open-clinical-record/open-clinical-record/docs/03-requirements/srs/srs.tex
LaTeX2e <2026-06-01>
L3 programming layer <2026-08-10>
(D:\Apps\MiKTeX\tex/latex/base\article.cls
Document Class: article 2025/01/22 v1.4n Standard LaTeX document class
(D:\Apps\MiKTeX\tex/latex/base\size11.clo
File: size11.clo 2025/01/22 v1.4n Standard LaTeX file (size option)
)
\c@part=\count276
\c@section=\count277
\c@subsection=\count278
\c@subsubsection=\count279
\c@paragraph=\count280
\c@subparagraph=\count281
\c@figure=\count282
\c@table=\count283
\abovecaptionskip=\skip49
\belowcaptionskip=\skip50
\bibindent=\dimen150
) (D:\Apps\MiKTeX\tex/latex/geometry\geometry.sty
Package: geometry 2026/03/07 v6.0 Page Geometry
 (D:\Apps\MiKTeX\tex/latex/graphics\keyval.sty
Package: keyval 2026-05-17 v1.15 key=value parser (DPC)
\KV@toks@=\toks17
) (D:\Apps\MiKTeX\tex/generic/iftex\ifvtex.sty
Package: ifvtex 2019/10/25 v1.7 ifvtex legacy package. Use iftex instead.
 (D:\Apps\MiKTeX\tex/generic/iftex\iftex.sty
Package: iftex 2024/12/12 v1.0g TeX engine tests
))
\Gm@cnth=\count284
\Gm@cntv=\count285
\c@Gm@tempcnt=\count286
\Gm@bindingoffset=\dimen151
\Gm@wd@mp=\dimen152
\Gm@odd@mp=\dimen153
\Gm@even@mp=\dimen154
\Gm@layoutwidth=\dimen155
\Gm@layoutheight=\dimen156
\Gm@layouthoffset=\dimen157
\Gm@layoutvoffset=\dimen158
\Gm@dimlist=\toks18
 (D:\Apps\MiKTeX\tex/latex/geometry\geometry.cfg)) (D:\Apps\MiKTeX\tex/latex/booktabs\booktabs.sty
Package: booktabs 2020/01/12 v1.61803398 Publication quality tables
\heavyrulewidth=\dimen159
\lightrulewidth=\dimen160
\cmidrulewidth=\dimen161
\belowrulesep=\dimen162
\belowbottomsep=\dimen163
\aboverulesep=\dimen164
\abovetopsep=\dimen165
\cmidrulesep=\dimen166
\cmidrulekern=\dimen167
\defaultaddspace=\dimen168
\@cmidla=\count287
\@cmidlb=\count288
\@aboverulesep=\dimen169
\@belowrulesep=\dimen170
\@thisruleclass=\count289
\@lastruleclass=\count290
\@thisrulewidth=\dimen171
) (D:\Apps\MiKTeX\tex/latex/tools\longtable.sty
Package: longtable 2026-01-28 v4.27 Multi-page Table package (DPC)
\LTleft=\skip51
\LTright=\skip52
\LTpre=\skip53
\LTpost=\skip54
\LTchunksize=\count291
\LTcapwidth=\dimen172
\LT@head=\box53
\LT@firsthead=\box54
\LT@foot=\box55
\LT@lastfoot=\box56
\LT@gbox=\box57
\LT@cols=\count292
\LT@rows=\count293
\c@LT@tables=\count294
\c@LT@chunks=\count295
\LT@p@ftn=\toks19
) (D:\Apps\MiKTeX\tex/latex/hyperref\hyperref.sty
Package: hyperref 2026-06-17 v7.01r Hypertext links for LaTeX
 (D:\Apps\MiKTeX\tex/latex/kvsetkeys\kvsetkeys.sty
Package: kvsetkeys 2022-10-05 v1.19 Key value parser (HO)
) (D:\Apps\MiKTeX\tex/generic/kvdefinekeys\kvdefinekeys.sty
Package: kvdefinekeys 2019-12-19 v1.6 Define keys (HO)
) (D:\Apps\MiKTeX\tex/generic/pdfescape\pdfescape.sty
Package: pdfescape 2019/12/09 v1.15 Implements pdfTeX's escape features (HO)
 (D:\Apps\MiKTeX\tex/generic/ltxcmds\ltxcmds.sty
Package: ltxcmds 2023-12-04 v1.26 LaTeX kernel commands for general use (HO)
) (D:\Apps\MiKTeX\tex/generic/pdftexcmds\pdftexcmds.sty
Package: pdftexcmds 2020-06-27 v0.33 Utility functions of pdfTeX for LuaTeX (HO)
 (D:\Apps\MiKTeX\tex/generic/infwarerr\infwarerr.sty
Package: infwarerr 2019/12/03 v1.5 Providing info/warning/error messages (HO)
)
Package pdftexcmds Info: \pdf@primitive is available.
Package pdftexcmds Info: \pdf@ifprimitive is available.
Package pdftexcmds Info: \pdfdraftmode found.
)) (D:\Apps\MiKTeX\tex/latex/hycolor\hycolor.sty
Package: hycolor 2020-01-27 v1.10 Color options for hyperref/bookmark (HO)
) (D:\Apps\MiKTeX\tex/latex/hyperref\nameref.sty
Package: nameref 2026-01-29 v2.58 Cross-referencing by name of section
 (D:\Apps\MiKTeX\tex/latex/refcount\refcount.sty
Package: refcount 2019/12/15 v3.6 Data extraction from label references (HO)
) (D:\Apps\MiKTeX\tex/generic/gettitlestring\gettitlestring.sty
Package: gettitlestring 2019/12/15 v1.6 Cleanup title references (HO)
 (D:\Apps\MiKTeX\tex/latex/kvoptions\kvoptions.sty
Package: kvoptions 2022-06-15 v3.15 Key value format for package options (HO)
))
\c@section@level=\count296
) (D:\Apps\MiKTeX\tex/latex/etoolbox\etoolbox.sty
Package: etoolbox 2025/10/02 v2.5m e-TeX tools for LaTeX (JAW)
\etb@tempcnta=\count297
) (D:\Apps\MiKTeX\tex/generic/stringenc\stringenc.sty
Package: stringenc 2019/11/29 v1.12 Convert strings between diff. encodings (HO)
)
\@linkdim=\dimen173
\Hy@linkcounter=\count298
\Hy@pagecounter=\count299
 (D:\Apps\MiKTeX\tex/latex/hyperref\pd1enc.def
File: pd1enc.def 2026-06-17 v7.01r Hyperref: PDFDocEncoding definition (HO)
Now handling font encoding PD1 ...
... no UTF-8 mapping file for font encoding PD1
) (D:\Apps\MiKTeX\tex/generic/intcalc\intcalc.sty
Package: intcalc 2019/12/15 v1.3 Expandable calculations with integers (HO)
)
\Hy@SavedSpaceFactor=\count300
 (D:\Apps\MiKTeX\tex/latex/hyperref\puenc.def
File: puenc.def 2026-06-17 v7.01r Hyperref: PDF Unicode definition (HO)
Now handling font encoding PU ...
... no UTF-8 mapping file for font encoding PU
)
Package hyperref Info: Hyper figures OFF on input line 4199.
Package hyperref Info: Link nesting OFF on input line 4204.
Package hyperref Info: Hyper index ON on input line 4207.
Package hyperref Info: Plain pages OFF on input line 4214.
Package hyperref Info: Backreferencing OFF on input line 4219.
Package hyperref Info: Implicit mode ON; LaTeX internals redefined.
Package hyperref Info: Bookmarks ON on input line 4466.
\c@Hy@tempcnt=\count301
 (D:\Apps\MiKTeX\tex/latex/url\url.sty
\Urlmuskip=\muskip17
Package: url 2013/09/16  ver 3.4  Verb mode for urls, etc.
)
LaTeX Info: Redefining \url on input line 4805.
\XeTeXLinkMargin=\dimen174
 (D:\Apps\MiKTeX\tex/generic/bitset\bitset.sty
Package: bitset 2019/12/09 v1.3 Handle bit-vector datatype (HO)
 (D:\Apps\MiKTeX\tex/generic/bigintcalc\bigintcalc.sty
Package: bigintcalc 2019/12/15 v1.5 Expandable calculations on big integers (HO)
))
\Fld@menulength=\count302
\Field@Width=\dimen175
\Fld@charsize=\dimen176
Package hyperref Info: Hyper figures OFF on input line 6091.
Package hyperref Info: Link nesting OFF on input line 6096.
Package hyperref Info: Hyper index ON on input line 6099.
Package hyperref Info: backreferencing OFF on input line 6106.
Package hyperref Info: Link coloring OFF on input line 6111.
Package hyperref Info: Link coloring with OCG OFF on input line 6116.
Package hyperref Info: PDF/A mode OFF on input line 6121.
\Hy@abspage=\count303
\c@Item=\count304
\c@Hfootnote=\count305
)
Package hyperref Info: Driver (autodetected): hpdftex.
 (D:\Apps\MiKTeX\tex/latex/hyperref\hpdftex.def
File: hpdftex.def 2026-06-17 v7.01r Hyperref driver for pdfTeX
\Fld@listcount=\count306
\c@bookmark@seq@number=\count307
 (D:\Apps\MiKTeX\tex/latex/rerunfilecheck\rerunfilecheck.sty
Package: rerunfilecheck 2025-06-21 v1.11 Rerun checks for auxiliary files (HO)
 (D:\Apps\MiKTeX\tex/generic/uniquecounter\uniquecounter.sty
Package: uniquecounter 2019/12/15 v1.4 Provide unlimited unique counter (HO)
)
Package uniquecounter Info: New unique counter `rerunfilecheck' on input line 284.
)
\Hy@SectionHShift=\skip55
) (D:\Apps\MiKTeX\tex/latex/enumitem\enumitem.sty
Package: enumitem 2025/02/06 v3.11 Customized lists
\labelindent=\skip56
\enit@outerparindent=\dimen177
\enit@toks=\toks20
\enit@inbox=\box58
\enit@count@id=\count308
\enitdp@description=\count309
) (D:\Apps\MiKTeX\tex/latex/titlesec\titlesec.sty
Package: titlesec 2025/01/04 v2.17 Sectioning titles
\ttl@box=\box59
\beforetitleunit=\skip57
\aftertitleunit=\skip58
\ttl@plus=\dimen178
\ttl@minus=\dimen179
\ttl@toksa=\toks21
\titlewidth=\dimen180
\titlewidthlast=\dimen181
\titlewidthfirst=\dimen182
) (D:\Apps\MiKTeX\tex/latex/tools\array.sty
Package: array 2026/02/24 v2.7b Tabular extension package (FMi)
\col@sep=\dimen183
\ar@mcellbox=\box60
\extrarowheight=\dimen184
\NC@list=\toks22
\extratabsurround=\skip59
\backup@length=\skip60
\ar@cellbox=\box61
) (D:\Apps\MiKTeX\tex/latex/l3kernel\l3backend-pdftex.def
File: l3backend-pdftex.def 2026-08-10 L3 backend support: PDF output (pdfTeX)
\l__color_backend_stack_int=\count310
) (srs.aux)
\openout1 = `srs.aux'.

LaTeX Font Info:    Checking defaults for OML/cmm/m/it on input line 15.
LaTeX Font Info:    ... okay on input line 15.
LaTeX Font Info:    Checking defaults for OMS/cmsy/m/n on input line 15.
LaTeX Font Info:    ... okay on input line 15.
LaTeX Font Info:    Checking defaults for OT1/cmr/m/n on input line 15.
LaTeX Font Info:    ... okay on input line 15.
LaTeX Font Info:    Checking defaults for T1/cmr/m/n on input line 15.
LaTeX Font Info:    ... okay on input line 15.
LaTeX Font Info:    Checking defaults for TS1/cmr/m/n on input line 15.
LaTeX Font Info:    ... okay on input line 15.
LaTeX Font Info:    Checking defaults for OMX/cmex/m/n on input line 15.
LaTeX Font Info:    ... okay on input line 15.
LaTeX Font Info:    Checking defaults for U/cmr/m/n on input line 15.
LaTeX Font Info:    ... okay on input line 15.
LaTeX Font Info:    Checking defaults for PD1/pdf/m/n on input line 15.
LaTeX Font Info:    ... okay on input line 15.
LaTeX Font Info:    Checking defaults for PU/pdf/m/n on input line 15.
LaTeX Font Info:    ... okay on input line 15.

*geometry* driver: auto-detecting
*geometry* detected driver: pdftex
*geometry* verbose mode - [ preamble ] result:
* driver: pdftex
* paper: a4paper
* layout: <same size as paper>
* layoutoffset:(h,v)=(0.0pt,0.0pt)
* modes: 
* h-part:(L,W,R)=(72.26999pt, 452.9679pt, 72.26999pt)
* v-part:(T,H,B)=(72.26999pt, 700.50687pt, 72.26999pt)
* \paperwidth=597.50787pt
* \paperheight=845.04684pt
* \textwidth=452.9679pt
* \textheight=700.50687pt
* \oddsidemargin=0.0pt
* \evensidemargin=0.0pt
* \topmargin=-37.0pt
* \headheight=12.0pt
* \headsep=25.0pt
* \topskip=11.0pt
* \footskip=30.0pt
* \marginparwidth=50.0pt
* \marginparsep=10.0pt
* \columnsep=10.0pt
* \skip\footins=10.0pt plus 4.0pt minus 2.0pt
* \hoffset=0.0pt
* \voffset=0.0pt
* \mag=1000
* \@twocolumnfalse
* \@twosidefalse
* \@mparswitchfalse
* \@reversemarginfalse
* (1in=72.27pt=25.4mm, 1cm=28.453pt)

Package hyperref Info: Link coloring OFF on input line 15.
(srs.out) (srs.out)
\@outlinefile=\write3
\openout3 = `srs.out'.

 (srs.toc
LaTeX Font Info:    External font `cmex10' loaded for size
(Font)              <10.95> on input line 3.
LaTeX Font Info:    External font `cmex10' loaded for size
(Font)              <8> on input line 3.
LaTeX Font Info:    External font `cmex10' loaded for size
(Font)              <6> on input line 3.
 [1

{C:/Users/iDesire Computer/AppData/Local/MiKTeX/fonts/map/pdftex/pdftex.map}])
\tf@toc=\write4
\openout4 = `srs.toc'.

 [2] [3] [4] [5]
Underfull \hbox (badness 2744) in paragraph at lines 182--182
[]|\OT1/cmr/m/n/10.95 Handle de-ceased pa-
 []

[6]
Underfull \hbox (badness 10000) in paragraph at lines 193--193
[]|\OT1/cmr/m/n/10.95 Reschedule ap-point-
 []


Underfull \hbox (badness 1142) in paragraph at lines 195--195
[]|\OT1/cmr/m/n/10.95 Preserve ap-point-ment
 []


Underfull \hbox (badness 10000) in paragraph at lines 197--198
[]|\OT1/cmr/m/n/10.95 The sys-tem shall sup-port walk-in
 []


Underfull \hbox (badness 10000) in paragraph at lines 197--198
\OT1/cmr/m/n/10.95 registration/check-in with-out as-sum-ing that
 []


Underfull \hbox (badness 1708) in paragraph at lines 198--198
[]|\OT1/cmr/m/n/10.95 Link ap-point-ment to
 []


Underfull \hbox (badness 2781) in paragraph at lines 198--199
\OT1/cmr/m/n/10.95 in/visit with the cor-re-spond-ing ap-point-ment
 []


Underfull \hbox (badness 10000) in paragraph at lines 199--199
[]|\OT1/cmr/m/n/10.95 Prevent deceased-
 []

[7]
Underfull \hbox (badness 2213) in paragraph at lines 213--214
[]|\OT1/cmr/m/n/10.95 The sys-tem shall al-low an au-tho-rized Doc-
 []


Underfull \hbox (badness 2213) in paragraph at lines 214--215
[]|\OT1/cmr/m/n/10.95 The sys-tem shall al-low an au-tho-rized Doc-
 []


Underfull \hbox (badness 2213) in paragraph at lines 215--216
[]|\OT1/cmr/m/n/10.95 The sys-tem shall al-low an au-tho-rized Doc-
 []


Underfull \hbox (badness 2213) in paragraph at lines 216--217
[]|\OT1/cmr/m/n/10.95 The sys-tem shall al-low an au-tho-rized Doc-
 []


Underfull \hbox (badness 10000) in paragraph at lines 217--217
[]|\OT1/cmr/m/n/10.95 Maintain en-counter
 []


Underfull \hbox (badness 1400) in paragraph at lines 226--226
[]|\OT1/cmr/m/n/10.95 Generate med-i-cal re-
 []


Underfull \hbox (badness 2213) in paragraph at lines 226--227
[]|\OT1/cmr/m/n/10.95 The sys-tem shall al-low an au-tho-rized Doc-
 []


Underfull \hbox (badness 2213) in paragraph at lines 227--228
[]|\OT1/cmr/m/n/10.95 The sys-tem shall al-low an au-tho-rized Doc-
 []


Underfull \hbox (badness 2213) in paragraph at lines 229--230
[]|\OT1/cmr/m/n/10.95 The sys-tem shall al-low an au-tho-rized Doc-
 []


Underfull \hbox (badness 10000) in paragraph at lines 231--231
[]|\OT1/cmr/m/n/10.95 Record amend-ment
 []

[8]
Underfull \hbox (badness 3271) in paragraph at lines 242--242
[]|\OT1/cmr/m/n/10.95 Enforce role per-mis-
 []


Underfull \hbox (badness 10000) in paragraph at lines 243--243
[]|\OT1/cmr/m/n/10.95 Restrict clin-i-cal ac-
 []


Underfull \hbox (badness 5504) in paragraph at lines 243--244
[]|\OT1/cmr/m/n/10.95 The sys-tem shall re-strict di-ag-no-sis, treat-
 []


Underfull \hbox (badness 3291) in paragraph at lines 243--244
\OT1/cmr/m/n/10.95 ment, clin-i-cal notes, patient-status changes,
 []


Underfull \hbox (badness 5417) in paragraph at lines 245--245
[]|\OT1/cmr/m/n/10.95 Protect unau-tho-rized
 []


Underfull \hbox (badness 10000) in paragraph at lines 255--255
[]|\OT1/cmr/m/n/10.95 Prevent in-valid ap-
 []

[9]
Underfull \hbox (badness 10000) in paragraph at lines 285--285
[]|\OT1/cmr/m/n/10.95 NFR-SEC-
 []


Underfull \hbox (badness 10000) in paragraph at lines 286--286
[]|\OT1/cmr/m/n/10.95 NFR-SEC-
 []


Underfull \hbox (badness 10000) in paragraph at lines 287--287
[]|\OT1/cmr/m/n/10.95 NFR-SEC-
 []


Underfull \hbox (badness 10000) in paragraph at lines 288--288
[]|\OT1/cmr/m/n/10.95 NFR-SEC-
 []


Underfull \hbox (badness 10000) in paragraph at lines 289--289
[]|\OT1/cmr/m/n/10.95 NFR-SEC-
 []


Underfull \hbox (badness 10000) in paragraph at lines 290--290
[]|\OT1/cmr/m/n/10.95 NFR-SEC-
 []

[10]
Underfull \hbox (badness 10000) in paragraph at lines 299--299
[]|\OT1/cmr/m/n/10.95 NFR-DAT-
 []


Underfull \hbox (badness 10000) in paragraph at lines 300--300
[]|\OT1/cmr/m/n/10.95 NFR-DAT-
 []


Underfull \hbox (badness 10000) in paragraph at lines 301--301
[]|\OT1/cmr/m/n/10.95 NFR-DAT-
 []


Underfull \hbox (badness 10000) in paragraph at lines 302--302
[]|\OT1/cmr/m/n/10.95 NFR-DAT-
 []


Underfull \hbox (badness 10000) in paragraph at lines 303--303
[]|\OT1/cmr/m/n/10.95 NFR-DAT-
 []


Underfull \hbox (badness 10000) in paragraph at lines 312--312
[]|\OT1/cmr/m/n/10.95 NFR-PERF-
 []


Underfull \hbox (badness 10000) in paragraph at lines 313--313
[]|\OT1/cmr/m/n/10.95 NFR-PERF-
 []


Underfull \hbox (badness 10000) in paragraph at lines 314--314
[]|\OT1/cmr/m/n/10.95 NFR-PERF-
 []


Underfull \hbox (badness 10000) in paragraph at lines 323--323
[]|\OT1/cmr/m/n/10.95 NFR-REL-
 []


Underfull \hbox (badness 10000) in paragraph at lines 324--324
[]|\OT1/cmr/m/n/10.95 NFR-REL-
 []


Underfull \hbox (badness 10000) in paragraph at lines 325--325
[]|\OT1/cmr/m/n/10.95 NFR-REL-
 []


Underfull \hbox (badness 10000) in paragraph at lines 326--326
[]|\OT1/cmr/m/n/10.95 NFR-REL-
 []


Underfull \hbox (badness 10000) in paragraph at lines 335--335
[]|\OT1/cmr/m/n/10.95 NFR-AUD-
 []


Underfull \hbox (badness 10000) in paragraph at lines 336--336
[]|\OT1/cmr/m/n/10.95 NFR-AUD-
 []


Underfull \hbox (badness 10000) in paragraph at lines 337--337
[]|\OT1/cmr/m/n/10.95 NFR-AUD-
 []

[11]
Underfull \hbox (badness 10000) in paragraph at lines 346--346
[]|\OT1/cmr/m/n/10.95 NFR-USE-
 []


Underfull \hbox (badness 10000) in paragraph at lines 347--347
[]|\OT1/cmr/m/n/10.95 NFR-USE-
 []


Underfull \hbox (badness 1107) in paragraph at lines 347--348
[]|\OT1/cmr/m/n/10.95 Appointment sta-tus shall clearly dis-tin-guish sched-uled, can-celled,
 []


Underfull \hbox (badness 10000) in paragraph at lines 348--348
[]|\OT1/cmr/m/n/10.95 NFR-USE-
 []


Underfull \hbox (badness 10000) in paragraph at lines 349--349
[]|\OT1/cmr/m/n/10.95 NFR-USE-
 []


Underfull \hbox (badness 10000) in paragraph at lines 358--358
[]|\OT1/cmr/m/n/10.95 NFR-MNT-
 []


Underfull \hbox (badness 10000) in paragraph at lines 359--359
[]|\OT1/cmr/m/n/10.95 NFR-MNT-
 []


Underfull \hbox (badness 10000) in paragraph at lines 360--360
[]|\OT1/cmr/m/n/10.95 NFR-MNT-
 []


Underfull \hbox (badness 10000) in paragraph at lines 361--361
[]|\OT1/cmr/m/n/10.95 NFR-MNT-
 []

[12]
Underfull \hbox (badness 10000) in paragraph at lines 382--382
[]|\OT1/cmr/m/n/10.95 NFR-REC-
 []


Underfull \hbox (badness 10000) in paragraph at lines 383--383
[]|\OT1/cmr/m/n/10.95 NFR-REC-
 []


Underfull \hbox (badness 10000) in paragraph at lines 384--384
[]|\OT1/cmr/m/n/10.95 NFR-REC-
 []


Underfull \hbox (badness 10000) in paragraph at lines 385--385
[]|\OT1/cmr/m/n/10.95 NFR-REC-
 []


Underfull \hbox (badness 5431) in paragraph at lines 399--399
[]|\OT1/cmr/m/n/10.95 Medication In-for-
 []


Underfull \hbox (badness 3792) in paragraph at lines 406--407
[]|\OT1/cmr/m/n/10.95 Record of sig-nif-i-cant se-cu-rity, patient-record, and clinical-
 []

[13]
Overfull \hbox (42.73312pt too wide) in paragraph at lines 441--442
\OT1/cmr/m/n/10.95 ap-point-ments, core en-counter in-for-ma-tion, clinician-controlled di-ag-no-sis/treatment/notes/reports/status
 []


Underfull \hbox (badness 1178) in paragraph at lines 456--457
[]|\OT1/cmr/m/n/10.95 Test cre-ation, view-ing, can-cel-la-tion, reschedul-ing, his-tory
 []

[14] [15]
Overfull \hbox (16.1751pt too wide) in paragraph at lines 517--518
[]\OT1/cmr/m/n/10.95 Appointment-scheduling re-search: \OT1/cmtt/m/n/10.95 docs/01-research/appointment-scheduling-research.md 
 []


Overfull \hbox (10.94345pt too wide) in paragraph at lines 518--519
[]\OT1/cmr/m/n/10.95 Clinical-documentation re-search: \OT1/cmtt/m/n/10.95 docs/01-research/clinical-documentation-research.md 
 []


Overfull \hbox (59.60936pt too wide) in paragraph at lines 521--522
[]\OT1/cmr/m/n/10.95 Architecture de-ci-sion record: \OT1/cmtt/m/n/10.95 docs/04-architecture/adr/0001-record-architectural-decisions.md 
 []

[16] [17] (srs.aux)
 ***********
LaTeX2e <2026-06-01>
L3 programming layer <2026-08-10>
 ***********
Package rerunfilecheck Info: File `srs.out' has not changed.
(rerunfilecheck)             Checksum: 3611BDDAD788099463130610515083BE;7043.
 ) 
Here is how much of TeX's memory you used:
 9156 strings out of 467441
 141514 string characters out of 5422047
 589195 words of memory out of 5000000
 38309 multiletter control sequences out of 15000+600000
 632786 words of font info for 57 fonts, out of 8000000 for 9000
 1141 hyphenation exceptions out of 8191
 74i,6n,79p,641b,612s stack positions out of 10000i,1000n,20000p,200000b,200000s
 <C:\Users\iDesire Computer\AppData\Local\MiKTeX\fonts/pk/ljfour/jknappen/ec/dpi600\tcrm1095.pk><D:/Apps/MiKTeX/fonts/type1/public/amsfonts/cm/cmbx10.pfb><D:/Apps/MiKTeX/fonts/type1/public/amsfonts/cm/cmbx12.pfb><D:/Apps/MiKTeX/fonts/type1/public/amsfonts/cm/cmr10.pfb><D:/Apps/MiKTeX/fonts/type1/public/amsfonts/cm/cmr12.pfb><D:/Apps/MiKTeX/fonts/type1/public/amsfonts/cm/cmr17.pfb><D:/Apps/MiKTeX/fonts/type1/public/amsfonts/cm/cmsy10.pfb><D:/Apps/MiKTeX/fonts/type1/public/amsfonts/cm/cmtt10.pfb>
Output written on srs.pdf (17 pages, 188803 bytes).
PDF statistics:
 381 PDF objects out of 1000 (max. 8388607)
 91 named destinations out of 1000 (max. 500000)
 337 words of extra memory for PDF output out of 10000 (max. 10000000)

